// Jest Snapshot v1, https://goo.gl/fbAQLP

exports[`404 matches snapshot 1`] = `
.emotion-1 {
  display: -webkit-box;
  display: -webkit-flex;
  display: -ms-flexbox;
  display: flex;
  -webkit-box-flex-flow: column nowrap;
  -webkit-flex-flow: column nowrap;
  -ms-flex-flow: column nowrap;
  flex-flow: column nowrap;
  -webkit-box-pack: center;
  -ms-flex-pack: center;
  -webkit-justify-content: center;
  justify-content: center;
  -webkit-align-items: center;
  -webkit-box-align: center;
  -ms-flex-align: center;
  align-items: center;
  height: 100%;
}

.emotion-1 svg {
  -webkit-transform: scale(0.7);
  -moz-transform: scale(0.7);
  -ms-transform: scale(0.7);
  transform: scale(0.7);
}

.emotion-1 h3 {
  font-size: 1.2rem;
}

.emotion-1 h4 {
  font-size: 0.95rem;
}

@media (min-width:768px) {
  .emotion-1 h3 {
    font-size: 2rem;
  }

  .emotion-1 h4 {
    font-size: 1.4rem;
  }
}

.emotion-2 {
  margin: 0;
  font-size: 1.5rem;
  font-weight: 600;
  font-family: 'SF Pro Text',-apple-system,BlinkMacSystemFont,sans-serif;
  line-height: 1.167;
}

.emotion-3 {
  margin: 0;
  font-size: 1.25rem;
  font-weight: 600;
  font-family: 'SF Pro Text',-apple-system,BlinkMacSystemFont,sans-serif;
  line-height: 1.235;
}

<div>
  <div
    class="MuiBox-root emotion-0"
    data-testid="Layout"
  >
    <div
      class="container MuiBox-root emotion-1"
    >
      <div
        class="image"
      >
        <svg
          data-testid="unicorn404"
        />
      </div>
      <h3
        class="MuiTypography-root MuiTypography-h3 emotion-2"
      >
        404
      </h3>
      <p>
         
      </p>
      <h4
        class="MuiTypography-root MuiTypography-h4 emotion-3"
      >
        404Description
      </h4>
    </div>
  </div>
</div>
`;
