// Jest Snapshot v1, https://goo.gl/fbAQLP

exports[`ContentBox matches snapshot 1`] = `
<div>
  <div
    class="makeStyles-root"
  >
    <div>
      HELLO WORLD
    </div>
  </div>
</div>
`;
