// Jest Snapshot v1, https://goo.gl/fbAQLP

exports[`MenuDesktop matches snapshot 1`] = `
.emotion-0 {
  display: -webkit-box;
  display: -webkit-flex;
  display: -ms-flexbox;
  display: flex;
  -webkit-flex-direction: column;
  -ms-flex-direction: column;
  flex-direction: column;
  -webkit-align-items: flex-start;
  -webkit-box-align: flex-start;
  -ms-flex-align: flex-start;
  align-items: flex-start;
  padding: 16px 0px;
}

.emotion-0 .button {
  background: transparent;
  padding: 0.75rem 1rem;
  -webkit-transition: 0.3s;
  transition: 0.3s;
  color: #FFFFFF;
  border-radius: 200px;
  margin: 8px 0px;
}

.emotion-0 .button:hover {
  -webkit-filter: brightness(0.8);
  filter: brightness(0.8);
}

.emotion-0 .button--active {
  padding: 0.75rem 1rem;
  border-radius: 200px;
  background: linear-gradient(103.18deg, #F6504B 20.77%, #DC001A 118.69%);
  color: #FFFFFF;
  -webkit-transition: 0.3s;
  transition: 0.3s;
}

.emotion-0 .button--active:hover {
  -webkit-filter: brightness(0.8);
  filter: brightness(0.8);
}

.emotion-1 {
  display: -webkit-inline-box;
  display: -webkit-inline-flex;
  display: -ms-inline-flexbox;
  display: inline-flex;
  -webkit-align-items: center;
  -webkit-box-align: center;
  -ms-flex-align: center;
  align-items: center;
  -webkit-box-pack: center;
  -ms-flex-pack: center;
  -webkit-justify-content: center;
  justify-content: center;
  position: relative;
  box-sizing: border-box;
  -webkit-tap-highlight-color: transparent;
  background-color: transparent;
  outline: 0;
  border: 0;
  margin: 0;
  border-radius: 0;
  padding: 0;
  cursor: pointer;
  -webkit-user-select: none;
  -moz-user-select: none;
  -ms-user-select: none;
  user-select: none;
  vertical-align: middle;
  -moz-appearance: none;
  -webkit-appearance: none;
  -webkit-text-decoration: none;
  text-decoration: none;
  color: inherit;
  font-size: 1rem;
  text-transform: none;
  font-weight: 600;
  font-family: SFPro,Arial,sans-serif;
  line-height: 1.75;
  min-width: 64px;
  padding: 6px 16px;
  border-radius: 4px;
  -webkit-transition: background-color 250ms cubic-bezier(0.4, 0, 0.2, 1) 0ms,box-shadow 250ms cubic-bezier(0.4, 0, 0.2, 1) 0ms,border-color 250ms cubic-bezier(0.4, 0, 0.2, 1) 0ms,color 250ms cubic-bezier(0.4, 0, 0.2, 1) 0ms;
  transition: background-color 250ms cubic-bezier(0.4, 0, 0.2, 1) 0ms,box-shadow 250ms cubic-bezier(0.4, 0, 0.2, 1) 0ms,border-color 250ms cubic-bezier(0.4, 0, 0.2, 1) 0ms,color 250ms cubic-bezier(0.4, 0, 0.2, 1) 0ms;
  color: rgba(0, 0, 0, 0.87);
  background-color: #90caf9;
  box-shadow: 0px 3px 1px -2px rgba(0,0,0,0.2),0px 2px 2px 0px rgba(0,0,0,0.14),0px 1px 5px 0px rgba(0,0,0,0.12);
  box-shadow: none;
}

.emotion-1::-moz-focus-inner {
  border-style: none;
}

.emotion-1.Mui-disabled {
  pointer-events: none;
  cursor: default;
}

@media print {
  .emotion-1 {
    -webkit-print-color-adjust: exact;
    color-adjust: exact;
  }
}

.emotion-1:hover {
  -webkit-text-decoration: none;
  text-decoration: none;
  background-color: #42a5f5;
  box-shadow: 0px 2px 4px -1px rgba(0,0,0,0.2),0px 4px 5px 0px rgba(0,0,0,0.14),0px 1px 10px 0px rgba(0,0,0,0.12);
}

@media (hover: none) {
  .emotion-1:hover {
    background-color: #90caf9;
  }
}

.emotion-1:active {
  box-shadow: 0px 5px 5px -3px rgba(0,0,0,0.2),0px 8px 10px 1px rgba(0,0,0,0.14),0px 3px 14px 2px rgba(0,0,0,0.12);
}

.emotion-1.Mui-focusVisible {
  box-shadow: 0px 3px 5px -1px rgba(0,0,0,0.2),0px 6px 10px 0px rgba(0,0,0,0.14),0px 1px 18px 0px rgba(0,0,0,0.12);
}

.emotion-1.Mui-disabled {
  color: rgba(255, 255, 255, 0.3);
  box-shadow: none;
  background-color: rgba(255, 255, 255, 0.12);
}

.emotion-1:hover {
  box-shadow: none;
}

.emotion-1.Mui-focusVisible {
  box-shadow: none;
}

.emotion-1:active {
  box-shadow: none;
}

.emotion-1.Mui-disabled {
  box-shadow: none;
}

.emotion-2 {
  overflow: hidden;
  pointer-events: none;
  position: absolute;
  z-index: 0;
  top: 0;
  right: 0;
  bottom: 0;
  left: 0;
  border-radius: inherit;
}

<div>
  <div
    class="emotion-0"
  >
    <button
      class="MuiButtonBase-root MuiButton-root MuiButton-contained MuiButton-containedPrimary MuiButton-sizeMedium MuiButton-containedSizeMedium MuiButton-disableElevation button button--active emotion-1"
      tabindex="0"
      type="button"
    >
      gov
      <span
        class="MuiTouchRipple-root emotion-2"
      />
    </button>
    <button
      class="MuiButtonBase-root MuiButton-root MuiButton-contained MuiButton-containedPrimary MuiButton-sizeMedium MuiButton-containedSizeMedium MuiButton-disableElevation button emotion-1"
      tabindex="0"
      type="button"
    >
      validator
      <span
        class="MuiTouchRipple-root emotion-2"
      />
    </button>
  </div>
</div>
`;
