// Jest Snapshot v1, https://goo.gl/fbAQLP

exports[`SectionLimit matches snapshot 1`] = `
.emotion-0 {
  margin-left: auto;
  margin-right: auto;
  max-width: 1024px;
}

<div>
  <div
    class="emotion-0"
  >
    <div>
      HELLO WORLD
    </div>
  </div>
</div>
`;
