// Jest Snapshot v1, https://goo.gl/fbAQLP

exports[`ContentBox matches snapshot 1`] = `
.emotion-0 {
  background-color: rgba(255, 255, 255, 0.5);
  border: solid #fff 2px;
  border-radius: 0.75rem;
  color: #000;
  overflow: auto;
  padding: 32px;
}

@media (min-width:768px) {
  .emotion-0 {
    padding: 32px;
  }
}

<div>
  <div
    class="contentbox__container MuiBox-root emotion-0"
  >
    <div>
      HELLO WORLD
    </div>
  </div>
</div>
`;
