// Jest Snapshot v1, https://goo.gl/fbAQLP

exports[`Layout matches snapshot 1`] = `
.emotion-0 {
  display: -webkit-box;
  display: -webkit-flex;
  display: -ms-flexbox;
  display: flex;
  -webkit-flex-direction: column;
  -ms-flex-direction: column;
  flex-direction: column;
  min-height: 100vh;
}

.emotion-1 {
  -webkit-flex: 1;
  -ms-flex: 1;
  flex: 1;
}

<div>
  <main
    class="emotion-0"
  >
    <div
      data-testid="Nav"
    />
    <div
      class="emotion-1"
    >
      <div>
        hello world
      </div>
    </div>
    <div
      data-testid="Footer"
    />
  </main>
</div>
`;
