// Jest Snapshot v1, https://goo.gl/fbAQLP

exports[`SectionBox matches snapshot 1`] = `
<div>
  <section
    class="makeStyles-root"
  >
    <div>
      HELLO WORLD
    </div>
  </section>
</div>
`;
